<<<<<<< HEAD
Bool_7
=======
Bool_17
>>>>>>> 2473334e800b5e36d655a9b11fcd0f28a1fc2285
