<<<<<<< HEAD
(fun (con integer) [Maybe_5 (all a_25 (type) (fun a_25 a_25))])
=======
(fun (con integer) [Maybe_9 (all a_32 (type) (fun a_32 a_32))])
>>>>>>> 2473334e800b5e36d655a9b11fcd0f28a1fc2285
