<<<<<<< HEAD
[Forest_6 (all a_34 (type) (fun a_34 a_34))]
=======
[Forest_11 (all a_42 (type) (fun a_42 a_42))]
>>>>>>> 2473334e800b5e36d655a9b11fcd0f28a1fc2285
